[demo-fashion-shop.local/index.html]
[backblue.gif]
[fade.gif]
[index.html]
[demo-fashion-shop.local/wp-json/oembed/1.0/embed20b5.json]
[demo-fashion-shop.local/wp-json/oembed/1.0/embed66c7]
[demo-fashion-shop.local/feed/index.html]
[demo-fashion-shop.local/comments/feed/index.html]
[demo-fashion-shop.local/wp-content/plugins/user-registration/assets/css/user-registration3c21.css]
[demo-fashion-shop.local/wp-content/themes/hello-elementor/assets/css/reset9bf7.css]
[demo-fashion-shop.local/wp-content/themes/hello-elementor/assets/css/theme9bf7.css]
[demo-fashion-shop.local/wp-content/themes/hello-elementor/assets/css/header-footer9bf7.css]
[demo-fashion-shop.local/wp-content/plugins/elementor/assets/css/frontend.mind341.css]
[demo-fashion-shop.local/wp-content/plugins/elementor/assets/css/widget-heading.mind341.css]
[demo-fashion-shop.local/wp-content/plugins/elementor/assets/lib/animations/styles/e-animation-grow.mind341.css]
[demo-fashion-shop.local/wp-content/plugins/elementor/assets/css/widget-image.mind341.css]
[demo-fashion-shop.local/wp-content/plugins/elementor/assets/lib/animations/styles/e-animation-pulse.mind341.css]
[demo-fashion-shop.local/wp-includes/js/jquery/jquery.minf43b.js]
[demo-fashion-shop.local/wp-includes/js/jquery/jquery-migrate.min5589.js]
[demo-fashion-shop.local/wp-json/wp/v2/pages/18.json]
[demo-fashion-shop.local/wp-json/index.html]
[demo-fashion-shop.local/login/index.html]
[demo-fashion-shop.local/my-account/index.html]
[demo-fashion-shop.local/wp-content/uploads/2026/02/icon1-1.png]
[demo-fashion-shop.local/wp-content/uploads/2026/02/icon2.png]
[demo-fashion-shop.local/level-1/index.html]
[demo-fashion-shop.local/wp-content/uploads/2026/02/icon3.png]
[demo-fashion-shop.local/level-2/index.html]
[demo-fashion-shop.local/level-3/index.html]
[demo-fashion-shop.local/wp-content/themes/hello-elementor/assets/js/hello-frontend9bf7.js]
[demo-fashion-shop.local/wp-content/plugins/elementor/assets/js/webpack.runtime.mind341.js]
[demo-fashion-shop.local/wp-content/plugins/elementor/assets/js/frontend-modules.mind341.js]
[demo-fashion-shop.local/wp-includes/js/jquery/ui/core.minb37e.js]
[demo-fashion-shop.local/index.html]
[demo-fashion-shop.local/wp-content/plugins/elementor/assets/js/frontend.mind341.js]
[demo-fashion-shop.local/wp-content/plugins/user-registration/assets/fonts/UserRegistration9c62.ttf]
[demo-fashion-shop.local/wp-content/plugins/user-registration/assets/fonts/UserRegistration9c62.eot]
[demo-fashion-shop.local/wp-content/plugins/user-registration/assets/fonts/UserRegistratione8a1.ttf]
[demo-fashion-shop.local/wp-content/plugins/user-registration/assets/fonts/UserRegistratione8a1.woff]
[demo-fashion-shop.local/wp-content/plugins/user-registration/assets/fonts/UserRegistratione8a1.svg]
[demo-fashion-shop.local/wp-content/plugins/user-registration/assets/fonts/UserRegistratione8a1.eot]
[demo-fashion-shop.local/wp-content/plugins/user-registration/assets/images/wpspin_light-2x.gif]
[demo-fashion-shop.local/wp-content/plugins/user-registration/assets/images/icons/loader.svg]
[demo-fashion-shop.local/wp-content/plugins/user-registration/assets/images/blocks/registration-form.svg]
[demo-fashion-shop.local/wp-content/plugins/user-registration/assets/images/blocks/login-form.svg]
[demo-fashion-shop.local/wp-content/plugins/user-registration/assets/images/blocks/my-account.svg]
[demo-fashion-shop.local/wp-content/plugins/user-registration/assets/images/blocks/edit-profile.svg]
[demo-fashion-shop.local/wp-content/plugins/user-registration/assets/images/blocks/edit-password.svg]
[demo-fashion-shop.local/wp-content/plugins/user-registration/assets/images/blocks/content-restriction.svg]
[demo-fashion-shop.local/wp-content/plugins/user-registration/assets/images/blocks/membership-groups.svg]
[demo-fashion-shop.local/wp-content/plugins/user-registration/assets/css/user-registration3c21.css]
[demo-fashion-shop.local/wp-content/themes/hello-elementor/assets/css/reset9bf7.css]
[demo-fashion-shop.local/wp-content/themes/hello-elementor/assets/css/theme9bf7.css]
[demo-fashion-shop.local/wp-content/themes/hello-elementor/assets/css/header-footer9bf7.css]
[demo-fashion-shop.local/wp-content/plugins/elementor/assets/css/frontend.mind341.css]
[demo-fashion-shop.local/wp-content/plugins/elementor/assets/css/widget-heading.mind341.css]
[demo-fashion-shop.local/wp-content/plugins/elementor/assets/lib/animations/styles/e-animation-grow.mind341.css]
[demo-fashion-shop.local/wp-content/plugins/elementor/assets/css/widget-image.mind341.css]
[demo-fashion-shop.local/wp-content/plugins/elementor/assets/lib/animations/styles/e-animation-pulse.mind341.css]
[demo-fashion-shop.local/wp-includes/js/jquery/jquery.minf43b.js]
[demo-fashion-shop.local/wp-includes/js/jquery/jquery-migrate.min5589.js]
[demo-fashion-shop.local/wp-content/plugins/user-registration/assets/images/blocks/thankyou.svg]
[demo-fashion-shop.local/xmlrpc0db0.php]
[demo-fashion-shop.local/wp-json/oembed/1.0/embedca05]
[demo-fashion-shop.local/wp-includes/css/dist/block-library/style.min4d80.css]
[demo-fashion-shop.local/wp-json/wp/v2/pages/327.json]
[demo-fashion-shop.local/wp-content/plugins/user-registration/assets/css/sweetalert2/sweetalert2.min629a.css]
[demo-fashion-shop.local/wp-content/plugins/user-registration/assets/css/ltr_only_support3c21.css]
[demo-fashion-shop.local/wp-includes/css/dashicons.min4d80.css]
[demo-fashion-shop.local/wp-content/plugins/user-registration/assets/js/frontend/ur-login.min3c21.js]
[demo-fashion-shop.local/wp-content/plugins/user-registration/assets/js/frontend/ur-common.min3c21.js]
[demo-fashion-shop.local/wp-content/plugins/user-registration/assets/js/frontend/jquery.validate.min5441.js]
[demo-fashion-shop.local/wp-content/plugins/user-registration/assets/js/inputmask/jquery.inputmask.bundle.minbf7b.js]
[demo-fashion-shop.local/login/index.html]
[demo-fashion-shop.local/wp-content/plugins/user-registration/assets/js/frontend/user-registration.min3c21.js]
[demo-fashion-shop.local/lost-password/index.html]
[demo-fashion-shop.local/wp-content/plugins/user-registration/assets/js/frontend/user-registration-form-validator.min3c21.js]
[demo-fashion-shop.local/registration/index.html]
[demo-fashion-shop.local/wp-json/oembed/1.0/embed90a0.json]
[demo-fashion-shop.local/wp-json/oembed/1.0/embed4876]
[demo-fashion-shop.local/wp-json/wp/v2/pages/328.json]
[demo-fashion-shop.local/my-account/index.html]
[demo-fashion-shop.local/wp-content/plugins/user-registration/assets/js/tooltipster/tooltipster.bundle.minc82e.js]
[demo-fashion-shop.local/wp-json/oembed/1.0/embed63c8]
[demo-fashion-shop.local/level-1/index.html]
[demo-fashion-shop.local/wp-json/wp/v2/pages/82.json]
[demo-fashion-shop.local/wp-json/oembed/1.0/embed7a7b]
[demo-fashion-shop.local/level-2/index.html]
[demo-fashion-shop.local/wp-json/wp/v2/pages/96.json]
[demo-fashion-shop.local/wp-json/oembed/1.0/embed2624.json]
[demo-fashion-shop.local/wp-json/oembed/1.0/embed5e11]
[demo-fashion-shop.local/level-3/index.html]
[demo-fashion-shop.local/wp-admin/admin-ajax.html]
[demo-fashion-shop.local/wp-content/themes/hello-elementor/assets/js/hello-frontend9bf7.js]
[demo-fashion-shop.local/wp-content/plugins/elementor/assets/js/webpack.runtime.mind341.js]
[demo-fashion-shop.local/wp-content/plugins/elementor/assets/js/frontend-modules.mind341.js]
[demo-fashion-shop.local/wp-includes/js/jquery/ui/core.minb37e.js]
[demo-fashion-shop.local/wp-content/plugins/elementor/assets/js/frontend.mind341.js]
[demo-fashion-shop.local/wp-json/wp/v2/pages/98.json]
[demo-fashion-shop.local/wp-content/plugins/user-registration/assets/fonts/UserRegistration9c62.woff]
[demo-fashion-shop.local/wp-content/plugins/user-registration/assets/fonts/UserRegistratione8a1.svg]
[demo-fashion-shop.local/wp-content/plugins/user-registration/assets/images/icons/loader.svg]
[demo-fashion-shop.local/wp-content/plugins/user-registration/assets/images/blocks/registration-form.svg]
[demo-fashion-shop.local/wp-content/plugins/user-registration/assets/images/blocks/login-form.svg]
[demo-fashion-shop.local/wp-content/plugins/user-registration/assets/images/blocks/my-account.svg]
[demo-fashion-shop.local/wp-content/plugins/user-registration/assets/images/blocks/edit-profile.svg]
[demo-fashion-shop.local/wp-content/plugins/user-registration/assets/images/blocks/edit-password.svg]
[demo-fashion-shop.local/wp-content/plugins/user-registration/assets/images/blocks/content-restriction.svg]
[demo-fashion-shop.local/wp-content/plugins/user-registration/assets/images/blocks/membership-groups.svg]
[demo-fashion-shop.local/wp-content/plugins/user-registration/assets/images/blocks/thankyou.svg]
[demo-fashion-shop.local/OPR/index.html]
[demo-fashion-shop.local/wp-content/plugins/user-registration/assets/fonts/UserRegistration9c62.svg]
[demo-fashion-shop.local/wp-includes/css/dist/block-library/style.min4d80.css]
[demo-fashion-shop.local/index5355.html]
[demo-fashion-shop.local/wp-content/plugins/user-registration/assets/images/icons/red-arrow.svg]
[demo-fashion-shop.local/wp-json/oembed/1.0/embed52e0]
[demo-fashion-shop.local/wp-json/oembed/1.0/embed4316.json]
[demo-fashion-shop.local/wp-json/oembed/1.0/embed8789]
[demo-fashion-shop.local/wp-json/wp/v2/pages/329.json]
[demo-fashion-shop.local/lost-password/index.html]
[demo-fashion-shop.local/wp-content/plugins/user-registration/assets/js/frontend/lost-password.min3c21.js]
[demo-fashion-shop.local/wp-json/oembed/1.0/embed8682.json]
[demo-fashion-shop.local/wp-json/oembed/1.0/embed2a24]
[demo-fashion-shop.local/wp-json/wp/v2/pages/326.json]
[demo-fashion-shop.local/registration/index.html]
[demo-fashion-shop.local/wp-content/plugins/user-registration/assets/css/user-registration-smallscreen3c21.css]
[demo-fashion-shop.local/wp-content/plugins/user-registration/assets/css/sweetalert2/sweetalert2.min629a.css]
[demo-fashion-shop.local/wp-content/plugins/user-registration/assets/css/ltr_only_support3c21.css]
[demo-fashion-shop.local/wp-includes/fonts/dashicons7d4b.eot]
[demo-fashion-shop.local/wp-includes/fonts/dashicons7d4b.ttf]
[demo-fashion-shop.local/wp-includes/css/dashicons.min4d80.css]
[demo-fashion-shop.local/wp-content/plugins/user-registration/assets/js/frontend/ur-login.min3c21.js]
[demo-fashion-shop.local/wp-content/plugins/user-registration/assets/js/frontend/ur-common.min3c21.js]
[demo-fashion-shop.local/wp-content/plugins/user-registration/assets/js/frontend/jquery.validate.min5441.js]
[demo-fashion-shop.local/wp-content/plugins/user-registration/assets/js/inputmask/jquery.inputmask.bundle.minbf7b.js]
[demo-fashion-shop.local/wp-content/plugins/user-registration/assets/js/frontend/user-registration.min3c21.js]
[demo-fashion-shop.local/wp-content/plugins/user-registration/assets/js/frontend/user-registration-form-validator.min3c21.js]
[demo-fashion-shop.local/indexc518.html]
[demo-fashion-shop.local/wp-content/plugins/user-registration/assets/js/tooltipster/tooltipster.bundle.minc82e.js]
[demo-fashion-shop.local/index287b.html]
[demo-fashion-shop.local/index6f72.html]
[demo-fashion-shop.local/indexb6ad.html]
[demo-fashion-shop.local/OPR/index.html]
[demo-fashion-shop.local/wp-content/plugins/user-registration/assets/fonts/UserRegistration9c62.svg]
[demo-fashion-shop.local/wp-content/plugins/user-registration/assets/images/icons/red-arrow.svg]
[demo-fashion-shop.local/index834e.html]
[demo-fashion-shop.local/wp-content/plugins/user-registration/assets/js/frontend/lost-password.min3c21.js]
[demo-fashion-shop.local/index4bd3.html]
[demo-fashion-shop.local/wp-content/plugins/user-registration/assets/css/user-registration-smallscreen3c21.css]
[demo-fashion-shop.local/my-account/edge/index.html]
[demo-fashion-shop.local/my-account/edge/index.html]
[demo-fashion-shop.local/wp-json/oembed/1.0/embed09c0]
[demo-fashion-shop.local/wp-json/oembed/1.0/embed32ee]
